UNINITIALIZED long2 14
UNINITIALIZED long1 14
UNINITIALIZED long2 15
UNINITIALIZED num2 19
UNINITIALIZED num1 19
UNINITIALIZED num2 19
UNINITIALIZED realnum2 23
UNINITIALIZED realnum1 23
UNINITIALIZED realnum2 23
UNINITIALIZED a 25
UNINITIALIZED b 25
UNINITIALIZED a 27
UNINITIALIZED b 27
UNINITIALIZED a 30
UNINITIALIZED a 30